// Jest Snapshot v1, https://goo.gl/fbAQLP

exports[`should render Header correctly 1`] = `
<header
  className="Header"
>
  <div
    className="Header__wrapper"
  >
    <Link
      replace={false}
      to="/dashboard"
    >
      <h2
        className="Header__title"
      >
        Expensify It
      </h2>
    </Link>
    <button
      className="Header__button--logout"
      onClick={[Function]}
    >
      Logout
    </button>
  </div>
</header>
`;
